
> frontend@0.0.0 build
> vite build

[36mvite v6.3.5 [32mbuilding for production...[36m[39m
transforming...
Browserslist: browsers data (caniuse-lite) is 12 months old. Please run:
  npx update-browserslist-db@latest
  Why you should do it regularly: https://github.com/browserslist/update-db#readme
[32m✓[39m 10 modules transformed.
[31m✗[39m Build failed in 520ms
[31merror during build:
[31m[vite:esbuild] Transform failed with 1 error:
C:/Users/shash/Downloads/RailMadad/RailMadad/frontend/src/pages/Contact.jsx:4:7: ERROR: The symbol "Header" has already been declared[31m
file: [36mC:/Users/shash/Downloads/RailMadad/RailMadad/frontend/src/pages/Contact.jsx:4:7[31m
[33m
[33mThe symbol "Header" has already been declared[33m
2  |  import { Phone, Mail, MapPin, Search, Clock, CheckCircle, AlertTriangle, Loader, MessageCircle, FileText, Calendar, User } from 'lucide-react';
3  |  import Header from '../components/Header';
4  |  import Header from '../components/Header';
   |         ^
5  |  import Footer from '../components/Footer';
6  |  import API_BASE_URL from "../config";
[31m
    at failureErrorWithLog (C:\Users\shash\Downloads\RailMadad\RailMadad\frontend\node_modules\esbuild\lib\main.js:1467:15)
    at C:\Users\shash\Downloads\RailMadad\RailMadad\frontend\node_modules\esbuild\lib\main.js:736:50
    at responseCallbacks.<computed> (C:\Users\shash\Downloads\RailMadad\RailMadad\frontend\node_modules\esbuild\lib\main.js:603:9)
    at handleIncomingPacket (C:\Users\shash\Downloads\RailMadad\RailMadad\frontend\node_modules\esbuild\lib\main.js:658:12)
    at Socket.readFromStdout (C:\Users\shash\Downloads\RailMadad\RailMadad\frontend\node_modules\esbuild\lib\main.js:581:7)
    at Socket.emit (node:events:507:28)
    at addChunk (node:internal/streams/readable:559:12)
    at readableAddChunkPushByteMode (node:internal/streams/readable:510:3)
    at Readable.push (node:internal/streams/readable:390:5)
    at Pipe.onStreamRead (node:internal/stream_base_commons:189:23)[39m
